Error importing huggingface_hub.utils: No module named 'tqdm'
Error importing huggingface_hub.serialization: No module named 'tqdm'
Traceback (most recent call last):
  File "/research/projects/trans_llm/Zeru_Shi/conda/envs/formalalign/bin/accelerate", line 5, in <module>
    from accelerate.commands.accelerate_cli import main
  File "/research/projects/trans_llm/Zeru_Shi/conda/envs/formalalign/lib/python3.10/site-packages/accelerate/__init__.py", line 16, in <module>
    from .accelerator import Accelerator
  File "/research/projects/trans_llm/Zeru_Shi/conda/envs/formalalign/lib/python3.10/site-packages/accelerate/accelerator.py", line 34, in <module>
    from huggingface_hub import split_torch_state_dict_into_shards
  File "/research/projects/trans_llm/Zeru_Shi/conda/envs/formalalign/lib/python3.10/site-packages/huggingface_hub/__init__.py", line 998, in __getattr__
    submod = importlib.import_module(submod_path)
  File "/research/projects/trans_llm/Zeru_Shi/conda/envs/formalalign/lib/python3.10/importlib/__init__.py", line 126, in import_module
    return _bootstrap._gcd_import(name[level:], package, level)
  File "/research/projects/trans_llm/Zeru_Shi/conda/envs/formalalign/lib/python3.10/site-packages/huggingface_hub/serialization/__init__.py", line 17, in <module>
    from ._base import StateDictSplit, split_state_dict_into_shards_factory
  File "/research/projects/trans_llm/Zeru_Shi/conda/envs/formalalign/lib/python3.10/site-packages/huggingface_hub/serialization/_base.py", line 19, in <module>
    from .. import logging
  File "/research/projects/trans_llm/Zeru_Shi/conda/envs/formalalign/lib/python3.10/site-packages/huggingface_hub/__init__.py", line 998, in __getattr__
    submod = importlib.import_module(submod_path)
  File "/research/projects/trans_llm/Zeru_Shi/conda/envs/formalalign/lib/python3.10/importlib/__init__.py", line 126, in import_module
    return _bootstrap._gcd_import(name[level:], package, level)
  File "/research/projects/trans_llm/Zeru_Shi/conda/envs/formalalign/lib/python3.10/site-packages/huggingface_hub/utils/__init__.py", line 36, in <module>
    from . import tqdm as _tqdm  # _tqdm is the module
  File "/research/projects/trans_llm/Zeru_Shi/conda/envs/formalalign/lib/python3.10/site-packages/huggingface_hub/utils/tqdm.py", line 91, in <module>
    from tqdm.auto import tqdm as old_tqdm
ModuleNotFoundError: No module named 'tqdm'
